---
source: tests/render.rs
expression: "plain(\"tests/fixtures/mermaid/azure-graph.md\", \"120\")"
---
# Azure graph
────────────────────────────────────────────────────────────────────────────────────────────────────────────────────────

╭─ mermaid
│ ┌───────┐     ┌────────┐     ┌──────┐
│ │       │     │        │     │      │
│ │ Start ├────►│ Review ├────►│ Done │
│ │       │     │        │     │      │
│ └───────┘     └────────┘     └──────┘
╰─
